// Jest Snapshot v1, https://goo.gl/fbAQLP

exports[`Footer  1`] = `
<footer>
  Â© 2022 Andrii Lytvyn
</footer>
`;
