// Jest Snapshot v1, https://goo.gl/fbAQLP

exports[`Profile  1`] = `
<div
  className="content"
  id="profile"
>
  <h2>
    Profile
  </h2>
  <table>
    <tbody>
      <tr>
        <th>
          Username
        </th>
        <td
          id="username"
        />
      </tr>
      <tr>
        <th>
          First name
        </th>
        <td
          id="firstname"
        />
      </tr>
      <tr>
        <th>
          Last name
        </th>
        <td
          id="lastname"
        />
      </tr>
      <tr>
        <th>
          Phone
        </th>
        <td
          id="phone"
        />
      </tr>
      <tr>
        <th>
          Email
        </th>
        <td
          id="email"
        />
      </tr>
    </tbody>
  </table>
  <div
    className="ui-row"
    id="bt-row"
  >
    <button
      className="bt-blue"
      onClick={[Function]}
      type="submit"
    >
      Edit
    </button>
    <button
      className="bt-red"
      onClick={[Function]}
      type="submit"
    >
      Delete
    </button>
    <button
      className="bt-green-end"
      onClick={[Function]}
      type="submit"
    >
      Logout
    </button>
  </div>
</div>
`;
